[0m22:59:50.094377 [debug] [MainThread]: Sending event: {'category': 'dbt', 'action': 'invocation', 'label': 'start', 'context': [<snowplow_tracker.self_describing_json.SelfDescribingJson object at 0x0000023BEE4006D0>, <snowplow_tracker.self_describing_json.SelfDescribingJson object at 0x0000023BEE321390>, <snowplow_tracker.self_describing_json.SelfDescribingJson object at 0x0000023BEE4010D0>]}


============================== 22:59:50.159326 | d79485f5-027b-4f2f-8a3d-f83ecd837a89 ==============================
[0m22:59:50.159326 [info ] [MainThread]: Running with dbt=1.12.3
[0m22:59:50.161327 [debug] [MainThread]: running dbt with arguments {'maximum_seed_size_mib': '1', 'no_print': 'None', 'version_check': 'True', 'warn_error_options': 'WarnErrorOptionsV2(error=[], warn=[], silence=[])', 'target_path': 'None', 'static_parser': 'True', 'printer_width': '80', 'write_json': 'True', 'empty': 'None', 'log_cache_events': 'False', 'introspect': 'True', 'cache_selected_only': 'False', 'fail_fast': 'False', 'debug': 'False', 'log_format': 'default', 'profiles_dir': 'C:\\Users\\nicol\\.dbt', 'send_anonymous_usage_stats': 'True', 'quiet': 'False', 'warn_error': 'None', 'partial_parse': 'True', 'use_colors': 'True', 'hints_enabled': 'True', 'indirect_selection': 'eager', 'use_experimental_parser': 'False', 'invocation_command': 'dbt init', 'log_path': 'logs'}
[0m23:00:23.423696 [debug] [MainThread]: Starter project path: C:\Users\nicol\OneDrive\Documentos\Cursos\realtime-ecom-rt-platform\dbt\.venv\Lib\site-packages\dbt\include\starter_project
[0m23:00:23.478914 [info ] [MainThread]: Setting up your profile.
[0m23:02:52.850689 [info ] [MainThread]: Profile ecom_analytics written to C:\Users\nicol\.dbt\profiles.yml using target's profile_template.yml and your supplied values.
[0m23:02:52.868126 [info ] [MainThread]: Running dbt debug to validate the project...
[0m23:02:52.870138 [info ] [MainThread]: dbt version: 1.12.3
[0m23:02:52.871146 [info ] [MainThread]: python version: 3.11.3
[0m23:02:52.872138 [info ] [MainThread]: python path: C:\Users\nicol\OneDrive\Documentos\Cursos\realtime-ecom-rt-platform\dbt\.venv\Scripts\python.exe
[0m23:02:52.873139 [info ] [MainThread]: os info: Windows-10-10.0.26200-SP0
[0m23:02:52.918527 [info ] [MainThread]: Using profiles dir at C:\Users\nicol\.dbt
[0m23:02:52.920531 [info ] [MainThread]: Using profiles.yml file at C:\Users\nicol\.dbt\profiles.yml
[0m23:02:52.921528 [info ] [MainThread]: Using dbt_project.yml file at C:\Users\nicol\OneDrive\Documentos\Cursos\realtime-ecom-rt-platform\dbt\ecom_analytics\dbt_project.yml
[0m23:02:52.924038 [info ] [MainThread]: adapter type: postgres
[0m23:02:52.925547 [info ] [MainThread]: adapter version: 1.9.0
[0m23:02:53.128190 [info ] [MainThread]: Configuration:
[0m23:02:53.130201 [info ] [MainThread]:   profiles.yml file [[32mOK found and valid[0m]
[0m23:02:53.131825 [info ] [MainThread]:   dbt_project.yml file [[32mOK found and valid[0m]
[0m23:02:53.132980 [info ] [MainThread]: Required dependencies:
[0m23:02:53.134436 [debug] [MainThread]: Executing "git --help"
[0m23:02:53.247380 [debug] [MainThread]: STDOUT: "b"usage: git [-v | --version] [-h | --help] [-C <path>] [-c <name>=<value>]\n           [--exec-path[=<path>]] [--html-path] [--man-path] [--info-path]\n           [-p | --paginate | -P | --no-pager] [--no-replace-objects] [--bare]\n           [--git-dir=<path>] [--work-tree=<path>] [--namespace=<name>]\n           [--config-env=<name>=<envvar>] <command> [<args>]\n\nThese are common Git commands used in various situations:\n\nstart a working area (see also: git help tutorial)\n   clone     Clone a repository into a new directory\n   init      Create an empty Git repository or reinitialize an existing one\n\nwork on the current change (see also: git help everyday)\n   add       Add file contents to the index\n   mv        Move or rename a file, a directory, or a symlink\n   restore   Restore working tree files\n   rm        Remove files from the working tree and from the index\n\nexamine the history and state (see also: git help revisions)\n   bisect    Use binary search to find the commit that introduced a bug\n   diff      Show changes between commits, commit and working tree, etc\n   grep      Print lines matching a pattern\n   log       Show commit logs\n   show      Show various types of objects\n   status    Show the working tree status\n\ngrow, mark and tweak your common history\n   branch    List, create, or delete branches\n   commit    Record changes to the repository\n   merge     Join two or more development histories together\n   rebase    Reapply commits on top of another base tip\n   reset     Reset current HEAD to the specified state\n   switch    Switch branches\n   tag       Create, list, delete or verify a tag object signed with GPG\n\ncollaborate (see also: git help workflows)\n   fetch     Download objects and refs from another repository\n   pull      Fetch from and integrate with another repository or a local branch\n   push      Update remote refs along with associated objects\n\n'git help -a' and 'git help -g' list available subcommands and some\nconcept guides. See 'git help <command>' or 'git help <concept>'\nto read about a specific subcommand or concept.\nSee 'git help git' for an overview of the system.\n""
[0m23:02:53.248708 [debug] [MainThread]: STDERR: "b''"
[0m23:02:53.249801 [info ] [MainThread]:  - git [[32mOK found[0m]

[0m23:02:53.250795 [info ] [MainThread]: Connection:
[0m23:02:53.252798 [info ] [MainThread]:   host: localhost
[0m23:02:53.253799 [info ] [MainThread]:   port: 5432
[0m23:02:53.254798 [info ] [MainThread]:   user: app
[0m23:02:53.255798 [info ] [MainThread]:   database: analytics
[0m23:02:53.256798 [info ] [MainThread]:   schema: dbt_dev
[0m23:02:53.258454 [info ] [MainThread]:   connect_timeout: 10
[0m23:02:53.258985 [info ] [MainThread]:   role: None
[0m23:02:53.260995 [info ] [MainThread]:   search_path: None
[0m23:02:53.261997 [info ] [MainThread]:   keepalives_idle: 0
[0m23:02:53.262996 [info ] [MainThread]:   sslmode: None
[0m23:02:53.263994 [info ] [MainThread]:   sslcert: None
[0m23:02:53.264995 [info ] [MainThread]:   sslkey: None
[0m23:02:53.267000 [info ] [MainThread]:   sslrootcert: None
[0m23:02:53.268305 [info ] [MainThread]:   application_name: dbt
[0m23:02:53.269325 [info ] [MainThread]:   retries: 1
[0m23:02:53.271315 [info ] [MainThread]: Registered adapter: postgres=1.9.0
[0m23:02:54.380795 [debug] [MainThread]: Acquiring new postgres connection 'debug'
[0m23:02:54.899483 [debug] [MainThread]: Using postgres connection "debug"
[0m23:02:54.900476 [debug] [MainThread]: On debug: select 1 as id
[0m23:02:54.901931 [debug] [MainThread]: Opening a new connection, currently in state init
[0m23:02:55.047167 [debug] [MainThread]: SQL status: SELECT 1 in 0.145 seconds
[0m23:02:55.049332 [debug] [MainThread]: On debug: Close
[0m23:02:55.050899 [info ] [MainThread]:   Connection test: [[32mOK connection ok[0m]

[0m23:02:55.051920 [info ] [MainThread]: [32mAll checks passed![0m
[0m23:02:55.053918 [info ] [MainThread]: Your new dbt project "ecom_analytics" was created!
Initialized new project in C:\Users\nicol\OneDrive\Documentos\Cursos\realtime-ecom-rt-platform\dbt\ecom_analytics\ecom_analytics

For more information on how to configure the profiles.yml file,
please consult the dbt documentation here:

  https://docs.getdbt.com/docs/configure-your-profile

One more thing:

Need help? Don't hesitate to reach out to us via GitHub issues or on Slack:

  https://community.getdbt.com/

Happy modeling!

[0m23:02:55.056971 [debug] [MainThread]: Command `dbt init` succeeded at 23:02:55.056971 after 185.27 seconds
[0m23:02:55.059510 [debug] [MainThread]: Connection 'debug' was properly closed.
[0m23:02:55.060518 [debug] [MainThread]: Sending event: {'category': 'dbt', 'action': 'invocation', 'label': 'end', 'context': [<snowplow_tracker.self_describing_json.SelfDescribingJson object at 0x0000023BE9870150>, <snowplow_tracker.self_describing_json.SelfDescribingJson object at 0x0000023BEE310FD0>, <snowplow_tracker.self_describing_json.SelfDescribingJson object at 0x0000023BEE3E8E90>]}
[0m23:02:55.062561 [debug] [MainThread]: Flushing usage events
[0m23:02:55.738206 [debug] [MainThread]: An error was encountered while trying to flush usage events
[0m23:06:10.651676 [debug] [MainThread]: Sending event: {'category': 'dbt', 'action': 'invocation', 'label': 'start', 'context': [<snowplow_tracker.self_describing_json.SelfDescribingJson object at 0x00000223586EAF90>, <snowplow_tracker.self_describing_json.SelfDescribingJson object at 0x000002235873CD90>, <snowplow_tracker.self_describing_json.SelfDescribingJson object at 0x0000022358745090>]}


============================== 23:06:10.660645 | d94708d8-36db-48d6-9263-d49032a3f449 ==============================
[0m23:06:10.660645 [info ] [MainThread]: Running with dbt=1.12.3
[0m23:06:10.662344 [debug] [MainThread]: running dbt with arguments {'version_check': 'True', 'no_print': 'None', 'static_parser': 'True', 'warn_error_options': 'WarnErrorOptionsV2(error=[], warn=[], silence=[])', 'target_path': 'None', 'maximum_seed_size_mib': '1', 'printer_width': '80', 'write_json': 'True', 'introspect': 'True', 'log_cache_events': 'False', 'empty': 'None', 'cache_selected_only': 'False', 'log_format': 'default', 'debug': 'False', 'fail_fast': 'False', 'partial_parse': 'True', 'send_anonymous_usage_stats': 'True', 'quiet': 'False', 'warn_error': 'None', 'profiles_dir': 'C:\\Users\\nicol\\.dbt', 'invocation_command': 'dbt debug', 'hints_enabled': 'True', 'indirect_selection': 'eager', 'use_experimental_parser': 'False', 'use_colors': 'True', 'log_path': 'logs'}
[0m23:06:10.712651 [info ] [MainThread]: dbt version: 1.12.3
[0m23:06:10.715696 [info ] [MainThread]: python version: 3.11.3
[0m23:06:10.717530 [info ] [MainThread]: python path: C:\Users\nicol\OneDrive\Documentos\Cursos\realtime-ecom-rt-platform\dbt\.venv\Scripts\python.exe
[0m23:06:10.718708 [info ] [MainThread]: os info: Windows-10-10.0.26200-SP0
[0m23:06:10.862653 [info ] [MainThread]: Error importing adapter: No module named 'dbt.adapters.databricks'
[0m23:06:10.867464 [info ] [MainThread]: Error importing adapter: No module named 'dbt.adapters.databricks'
[0m23:06:10.869461 [info ] [MainThread]: Using profiles dir at C:\Users\nicol\.dbt
[0m23:06:10.871833 [info ] [MainThread]: Using profiles.yml file at C:\Users\nicol\.dbt\profiles.yml
[0m23:06:10.873984 [info ] [MainThread]: Using dbt_project.yml file at C:\Users\nicol\OneDrive\Documentos\Cursos\realtime-ecom-rt-platform\dbt\dbt_project.yml
[0m23:06:10.875650 [info ] [MainThread]: Configuration:
[0m23:06:10.877368 [info ] [MainThread]:   profiles.yml file [[31mERROR invalid[0m]
[0m23:06:10.879645 [info ] [MainThread]:   dbt_project.yml file [[31mERROR not found[0m]
[0m23:06:10.880795 [info ] [MainThread]: Required dependencies:
[0m23:06:10.882701 [debug] [MainThread]: Executing "git --help"
[0m23:06:10.991088 [debug] [MainThread]: STDOUT: "b"usage: git [-v | --version] [-h | --help] [-C <path>] [-c <name>=<value>]\n           [--exec-path[=<path>]] [--html-path] [--man-path] [--info-path]\n           [-p | --paginate | -P | --no-pager] [--no-replace-objects] [--bare]\n           [--git-dir=<path>] [--work-tree=<path>] [--namespace=<name>]\n           [--config-env=<name>=<envvar>] <command> [<args>]\n\nThese are common Git commands used in various situations:\n\nstart a working area (see also: git help tutorial)\n   clone     Clone a repository into a new directory\n   init      Create an empty Git repository or reinitialize an existing one\n\nwork on the current change (see also: git help everyday)\n   add       Add file contents to the index\n   mv        Move or rename a file, a directory, or a symlink\n   restore   Restore working tree files\n   rm        Remove files from the working tree and from the index\n\nexamine the history and state (see also: git help revisions)\n   bisect    Use binary search to find the commit that introduced a bug\n   diff      Show changes between commits, commit and working tree, etc\n   grep      Print lines matching a pattern\n   log       Show commit logs\n   show      Show various types of objects\n   status    Show the working tree status\n\ngrow, mark and tweak your common history\n   branch    List, create, or delete branches\n   commit    Record changes to the repository\n   merge     Join two or more development histories together\n   rebase    Reapply commits on top of another base tip\n   reset     Reset current HEAD to the specified state\n   switch    Switch branches\n   tag       Create, list, delete or verify a tag object signed with GPG\n\ncollaborate (see also: git help workflows)\n   fetch     Download objects and refs from another repository\n   pull      Fetch from and integrate with another repository or a local branch\n   push      Update remote refs along with associated objects\n\n'git help -a' and 'git help -g' list available subcommands and some\nconcept guides. See 'git help <command>' or 'git help <concept>'\nto read about a specific subcommand or concept.\nSee 'git help git' for an overview of the system.\n""
[0m23:06:10.992086 [debug] [MainThread]: STDERR: "b''"
[0m23:06:10.993092 [info ] [MainThread]:  - git [[32mOK found[0m]

[0m23:06:10.995202 [info ] [MainThread]: Connection test skipped since no profile was found
[0m23:06:10.996807 [info ] [MainThread]: [31m2 checks failed:[0m
[0m23:06:10.997319 [info ] [MainThread]: Could not load dbt_project.yml
Profile loading failed for the following reason:
Runtime Error
  Credentials in profile "nicolas_dbt_tutorial", target "dev" invalid: Runtime Error
    Could not find adapter type databricks!

Runtime Error
  Credentials in profile "walmart_dbt", target "dev" invalid: Runtime Error
    Could not find adapter type databricks!


[0m23:06:10.999323 [info ] [MainThread]: Project loading failed for the following reason:
 project path <C:\Users\nicol\OneDrive\Documentos\Cursos\realtime-ecom-rt-platform\dbt\dbt_project.yml> not found

[0m23:06:11.002092 [debug] [MainThread]: Command `dbt debug` failed at 23:06:11.002092 after 0.58 seconds
[0m23:06:11.003762 [debug] [MainThread]: Sending event: {'category': 'dbt', 'action': 'invocation', 'label': 'end', 'context': [<snowplow_tracker.self_describing_json.SelfDescribingJson object at 0x00000223586DFF50>, <snowplow_tracker.self_describing_json.SelfDescribingJson object at 0x00000223586DFD90>, <snowplow_tracker.self_describing_json.SelfDescribingJson object at 0x00000223586DFC50>]}
[0m23:06:11.004903 [debug] [MainThread]: Flushing usage events
[0m23:06:11.690310 [debug] [MainThread]: An error was encountered while trying to flush usage events
[0m23:07:05.855699 [debug] [MainThread]: Sending event: {'category': 'dbt', 'action': 'invocation', 'label': 'start', 'context': [<snowplow_tracker.self_describing_json.SelfDescribingJson object at 0x000002ABE05FAF50>, <snowplow_tracker.self_describing_json.SelfDescribingJson object at 0x000002ABE0663D50>, <snowplow_tracker.self_describing_json.SelfDescribingJson object at 0x000002ABE0513E10>]}


============================== 23:07:05.865680 | c2003610-1250-479c-b838-5659f68281d5 ==============================
[0m23:07:05.865680 [info ] [MainThread]: Running with dbt=1.12.3
[0m23:07:05.869525 [debug] [MainThread]: running dbt with arguments {'version_check': 'True', 'no_print': 'None', 'static_parser': 'True', 'warn_error_options': 'WarnErrorOptionsV2(error=[], warn=[], silence=[])', 'maximum_seed_size_mib': '1', 'target_path': 'None', 'printer_width': '80', 'write_json': 'True', 'empty': 'None', 'log_cache_events': 'False', 'introspect': 'True', 'cache_selected_only': 'False', 'fail_fast': 'False', 'debug': 'False', 'log_format': 'default', 'partial_parse': 'True', 'send_anonymous_usage_stats': 'True', 'quiet': 'False', 'warn_error': 'None', 'profiles_dir': 'C:\\Users\\nicol\\.dbt', 'use_colors': 'True', 'hints_enabled': 'True', 'invocation_command': 'dbt debug', 'use_experimental_parser': 'False', 'indirect_selection': 'eager', 'log_path': 'logs'}
[0m23:07:05.923966 [info ] [MainThread]: dbt version: 1.12.3
[0m23:07:05.925694 [info ] [MainThread]: python version: 3.11.3
[0m23:07:05.927895 [info ] [MainThread]: python path: C:\Users\nicol\OneDrive\Documentos\Cursos\realtime-ecom-rt-platform\dbt\.venv\Scripts\python.exe
[0m23:07:05.929332 [info ] [MainThread]: os info: Windows-10-10.0.26200-SP0
[0m23:07:06.085005 [info ] [MainThread]: Error importing adapter: No module named 'dbt.adapters.databricks'
[0m23:07:06.092988 [info ] [MainThread]: Error importing adapter: No module named 'dbt.adapters.databricks'
[0m23:07:06.095072 [info ] [MainThread]: Using profiles dir at C:\Users\nicol\.dbt
[0m23:07:06.096580 [info ] [MainThread]: Using profiles.yml file at C:\Users\nicol\.dbt\profiles.yml
[0m23:07:06.098607 [info ] [MainThread]: Using dbt_project.yml file at C:\Users\nicol\OneDrive\Documentos\Cursos\realtime-ecom-rt-platform\dbt\dbt_project.yml
[0m23:07:06.100989 [info ] [MainThread]: Configuration:
[0m23:07:06.101985 [info ] [MainThread]:   profiles.yml file [[31mERROR invalid[0m]
[0m23:07:06.104420 [info ] [MainThread]:   dbt_project.yml file [[31mERROR not found[0m]
[0m23:07:06.106002 [info ] [MainThread]: Required dependencies:
[0m23:07:06.107525 [debug] [MainThread]: Executing "git --help"
[0m23:07:06.252238 [debug] [MainThread]: STDOUT: "b"usage: git [-v | --version] [-h | --help] [-C <path>] [-c <name>=<value>]\n           [--exec-path[=<path>]] [--html-path] [--man-path] [--info-path]\n           [-p | --paginate | -P | --no-pager] [--no-replace-objects] [--bare]\n           [--git-dir=<path>] [--work-tree=<path>] [--namespace=<name>]\n           [--config-env=<name>=<envvar>] <command> [<args>]\n\nThese are common Git commands used in various situations:\n\nstart a working area (see also: git help tutorial)\n   clone     Clone a repository into a new directory\n   init      Create an empty Git repository or reinitialize an existing one\n\nwork on the current change (see also: git help everyday)\n   add       Add file contents to the index\n   mv        Move or rename a file, a directory, or a symlink\n   restore   Restore working tree files\n   rm        Remove files from the working tree and from the index\n\nexamine the history and state (see also: git help revisions)\n   bisect    Use binary search to find the commit that introduced a bug\n   diff      Show changes between commits, commit and working tree, etc\n   grep      Print lines matching a pattern\n   log       Show commit logs\n   show      Show various types of objects\n   status    Show the working tree status\n\ngrow, mark and tweak your common history\n   branch    List, create, or delete branches\n   commit    Record changes to the repository\n   merge     Join two or more development histories together\n   rebase    Reapply commits on top of another base tip\n   reset     Reset current HEAD to the specified state\n   switch    Switch branches\n   tag       Create, list, delete or verify a tag object signed with GPG\n\ncollaborate (see also: git help workflows)\n   fetch     Download objects and refs from another repository\n   pull      Fetch from and integrate with another repository or a local branch\n   push      Update remote refs along with associated objects\n\n'git help -a' and 'git help -g' list available subcommands and some\nconcept guides. See 'git help <command>' or 'git help <concept>'\nto read about a specific subcommand or concept.\nSee 'git help git' for an overview of the system.\n""
[0m23:07:06.253556 [debug] [MainThread]: STDERR: "b''"
[0m23:07:06.255073 [info ] [MainThread]:  - git [[32mOK found[0m]

[0m23:07:06.256600 [info ] [MainThread]: Connection test skipped since no profile was found
[0m23:07:06.258613 [info ] [MainThread]: [31m2 checks failed:[0m
[0m23:07:06.259613 [info ] [MainThread]: Could not load dbt_project.yml
Profile loading failed for the following reason:
Runtime Error
  Credentials in profile "nicolas_dbt_tutorial", target "dev" invalid: Runtime Error
    Could not find adapter type databricks!

Runtime Error
  Credentials in profile "walmart_dbt", target "dev" invalid: Runtime Error
    Could not find adapter type databricks!


[0m23:07:06.261684 [info ] [MainThread]: Project loading failed for the following reason:
 project path <C:\Users\nicol\OneDrive\Documentos\Cursos\realtime-ecom-rt-platform\dbt\dbt_project.yml> not found

[0m23:07:06.265757 [debug] [MainThread]: Command `dbt debug` failed at 23:07:06.265211 after 0.66 seconds
[0m23:07:06.266771 [debug] [MainThread]: Sending event: {'category': 'dbt', 'action': 'invocation', 'label': 'end', 'context': [<snowplow_tracker.self_describing_json.SelfDescribingJson object at 0x000002ABE05EFDD0>, <snowplow_tracker.self_describing_json.SelfDescribingJson object at 0x000002ABE05EFC90>, <snowplow_tracker.self_describing_json.SelfDescribingJson object at 0x000002ABE05EFF10>]}
[0m23:07:06.268770 [debug] [MainThread]: Flushing usage events
[0m23:07:06.724511 [debug] [MainThread]: An error was encountered while trying to flush usage events
[0m23:08:20.823016 [debug] [MainThread]: Sending event: {'category': 'dbt', 'action': 'invocation', 'label': 'start', 'context': [<snowplow_tracker.self_describing_json.SelfDescribingJson object at 0x0000013A4E55B0D0>, <snowplow_tracker.self_describing_json.SelfDescribingJson object at 0x0000013A4E5945D0>, <snowplow_tracker.self_describing_json.SelfDescribingJson object at 0x0000013A4E5B6CD0>]}


============================== 23:08:20.833666 | 668df8e4-ccfa-4fa3-9c6f-01c6b9afd3eb ==============================
[0m23:08:20.833666 [info ] [MainThread]: Running with dbt=1.12.3
[0m23:08:20.835675 [debug] [MainThread]: running dbt with arguments {'maximum_seed_size_mib': '1', 'no_print': 'None', 'static_parser': 'True', 'target_path': 'None', 'version_check': 'True', 'warn_error_options': 'WarnErrorOptionsV2(error=[], warn=[], silence=[])', 'printer_width': '80', 'write_json': 'True', 'empty': 'None', 'log_cache_events': 'False', 'introspect': 'True', 'cache_selected_only': 'False', 'log_format': 'default', 'debug': 'False', 'fail_fast': 'False', 'profiles_dir': 'C:\\Users\\nicol\\.dbt', 'send_anonymous_usage_stats': 'True', 'quiet': 'False', 'warn_error': 'None', 'partial_parse': 'True', 'invocation_command': 'dbt debug', 'hints_enabled': 'True', 'use_colors': 'True', 'use_experimental_parser': 'False', 'indirect_selection': 'eager', 'log_path': 'logs'}
[0m23:08:20.893142 [info ] [MainThread]: dbt version: 1.12.3
[0m23:08:20.895778 [info ] [MainThread]: python version: 3.11.3
[0m23:08:20.896930 [info ] [MainThread]: python path: C:\Users\nicol\OneDrive\Documentos\Cursos\realtime-ecom-rt-platform\dbt\.venv\Scripts\python.exe
[0m23:08:20.898318 [info ] [MainThread]: os info: Windows-10-10.0.26200-SP0
[0m23:08:21.043503 [info ] [MainThread]: Error importing adapter: No module named 'dbt.adapters.databricks'
[0m23:08:21.051222 [info ] [MainThread]: Error importing adapter: No module named 'dbt.adapters.databricks'
[0m23:08:21.055944 [info ] [MainThread]: Using profiles dir at C:\Users\nicol\.dbt
[0m23:08:21.058841 [info ] [MainThread]: Using profiles.yml file at C:\Users\nicol\.dbt\profiles.yml
[0m23:08:21.060602 [info ] [MainThread]: Using dbt_project.yml file at C:\Users\nicol\OneDrive\Documentos\Cursos\realtime-ecom-rt-platform\dbt\dbt_project.yml
[0m23:08:21.063039 [info ] [MainThread]: Configuration:
[0m23:08:21.064796 [info ] [MainThread]:   profiles.yml file [[31mERROR invalid[0m]
[0m23:08:21.066520 [info ] [MainThread]:   dbt_project.yml file [[31mERROR not found[0m]
[0m23:08:21.068207 [info ] [MainThread]: Required dependencies:
[0m23:08:21.069220 [debug] [MainThread]: Executing "git --help"
[0m23:08:21.205285 [debug] [MainThread]: STDOUT: "b"usage: git [-v | --version] [-h | --help] [-C <path>] [-c <name>=<value>]\n           [--exec-path[=<path>]] [--html-path] [--man-path] [--info-path]\n           [-p | --paginate | -P | --no-pager] [--no-replace-objects] [--bare]\n           [--git-dir=<path>] [--work-tree=<path>] [--namespace=<name>]\n           [--config-env=<name>=<envvar>] <command> [<args>]\n\nThese are common Git commands used in various situations:\n\nstart a working area (see also: git help tutorial)\n   clone     Clone a repository into a new directory\n   init      Create an empty Git repository or reinitialize an existing one\n\nwork on the current change (see also: git help everyday)\n   add       Add file contents to the index\n   mv        Move or rename a file, a directory, or a symlink\n   restore   Restore working tree files\n   rm        Remove files from the working tree and from the index\n\nexamine the history and state (see also: git help revisions)\n   bisect    Use binary search to find the commit that introduced a bug\n   diff      Show changes between commits, commit and working tree, etc\n   grep      Print lines matching a pattern\n   log       Show commit logs\n   show      Show various types of objects\n   status    Show the working tree status\n\ngrow, mark and tweak your common history\n   branch    List, create, or delete branches\n   commit    Record changes to the repository\n   merge     Join two or more development histories together\n   rebase    Reapply commits on top of another base tip\n   reset     Reset current HEAD to the specified state\n   switch    Switch branches\n   tag       Create, list, delete or verify a tag object signed with GPG\n\ncollaborate (see also: git help workflows)\n   fetch     Download objects and refs from another repository\n   pull      Fetch from and integrate with another repository or a local branch\n   push      Update remote refs along with associated objects\n\n'git help -a' and 'git help -g' list available subcommands and some\nconcept guides. See 'git help <command>' or 'git help <concept>'\nto read about a specific subcommand or concept.\nSee 'git help git' for an overview of the system.\n""
[0m23:08:21.206852 [debug] [MainThread]: STDERR: "b''"
[0m23:08:21.208363 [info ] [MainThread]:  - git [[32mOK found[0m]

[0m23:08:21.210381 [info ] [MainThread]: Connection test skipped since no profile was found
[0m23:08:21.211385 [info ] [MainThread]: [31m2 checks failed:[0m
[0m23:08:21.213377 [info ] [MainThread]: Could not load dbt_project.yml
Profile loading failed for the following reason:
Runtime Error
  Credentials in profile "nicolas_dbt_tutorial", target "dev" invalid: Runtime Error
    Could not find adapter type databricks!

Runtime Error
  Credentials in profile "walmart_dbt", target "dev" invalid: Runtime Error
    Could not find adapter type databricks!


[0m23:08:21.214171 [info ] [MainThread]: Project loading failed for the following reason:
 project path <C:\Users\nicol\OneDrive\Documentos\Cursos\realtime-ecom-rt-platform\dbt\dbt_project.yml> not found

[0m23:08:21.217980 [debug] [MainThread]: Command `dbt debug` failed at 23:08:21.217472 after 0.67 seconds
[0m23:08:21.218992 [debug] [MainThread]: Sending event: {'category': 'dbt', 'action': 'invocation', 'label': 'end', 'context': [<snowplow_tracker.self_describing_json.SelfDescribingJson object at 0x0000013A490ABCD0>, <snowplow_tracker.self_describing_json.SelfDescribingJson object at 0x0000013A4E5B55D0>, <snowplow_tracker.self_describing_json.SelfDescribingJson object at 0x0000013A4E5B7510>]}
[0m23:08:21.221000 [debug] [MainThread]: Flushing usage events
[0m23:08:21.852677 [debug] [MainThread]: An error was encountered while trying to flush usage events
[0m23:08:42.162018 [debug] [MainThread]: Sending event: {'category': 'dbt', 'action': 'invocation', 'label': 'start', 'context': [<snowplow_tracker.self_describing_json.SelfDescribingJson object at 0x0000026797180D90>, <snowplow_tracker.self_describing_json.SelfDescribingJson object at 0x0000026797191350>, <snowplow_tracker.self_describing_json.SelfDescribingJson object at 0x00000267972AFAD0>]}


============================== 23:08:42.172936 | 433cdc6b-6e4e-435d-90da-2d598b4e29c6 ==============================
[0m23:08:42.172936 [info ] [MainThread]: Running with dbt=1.12.3
[0m23:08:42.174294 [debug] [MainThread]: running dbt with arguments {'static_parser': 'True', 'no_print': 'None', 'version_check': 'True', 'target_path': 'None', 'maximum_seed_size_mib': '1', 'warn_error_options': 'WarnErrorOptionsV2(error=[], warn=[], silence=[])', 'printer_width': '80', 'write_json': 'True', 'introspect': 'True', 'log_cache_events': 'False', 'empty': 'None', 'cache_selected_only': 'False', 'fail_fast': 'False', 'debug': 'False', 'log_format': 'default', 'profiles_dir': 'C:\\Users\\nicol\\OneDrive\\Documentos\\Cursos\\realtime-ecom-rt-platform\\dbt', 'send_anonymous_usage_stats': 'True', 'quiet': 'False', 'warn_error': 'None', 'partial_parse': 'True', 'use_colors': 'True', 'hints_enabled': 'True', 'invocation_command': 'dbt debug', 'use_experimental_parser': 'False', 'indirect_selection': 'eager', 'log_path': 'logs'}
[0m23:08:42.215669 [info ] [MainThread]: dbt version: 1.12.3
[0m23:08:42.217667 [info ] [MainThread]: python version: 3.11.3
[0m23:08:42.218783 [info ] [MainThread]: python path: C:\Users\nicol\OneDrive\Documentos\Cursos\realtime-ecom-rt-platform\dbt\.venv\Scripts\python.exe
[0m23:08:42.219790 [info ] [MainThread]: os info: Windows-10-10.0.26200-SP0
[0m23:08:42.324086 [info ] [MainThread]: Using profiles dir at C:\Users\nicol\OneDrive\Documentos\Cursos\realtime-ecom-rt-platform\dbt
[0m23:08:42.325086 [info ] [MainThread]: Using profiles.yml file at C:\Users\nicol\OneDrive\Documentos\Cursos\realtime-ecom-rt-platform\dbt\profiles.yml
[0m23:08:42.327249 [info ] [MainThread]: Using dbt_project.yml file at C:\Users\nicol\OneDrive\Documentos\Cursos\realtime-ecom-rt-platform\dbt\dbt_project.yml
[0m23:08:42.329791 [info ] [MainThread]: adapter type: postgres
[0m23:08:42.330793 [info ] [MainThread]: adapter version: 1.9.0
[0m23:08:42.332306 [info ] [MainThread]: Configuration:
[0m23:08:42.333324 [info ] [MainThread]:   profiles.yml file [[32mOK found and valid[0m]
[0m23:08:42.335321 [info ] [MainThread]:   dbt_project.yml file [[31mERROR not found[0m]
[0m23:08:42.335902 [info ] [MainThread]: Required dependencies:
[0m23:08:42.336916 [debug] [MainThread]: Executing "git --help"
[0m23:08:42.465996 [debug] [MainThread]: STDOUT: "b"usage: git [-v | --version] [-h | --help] [-C <path>] [-c <name>=<value>]\n           [--exec-path[=<path>]] [--html-path] [--man-path] [--info-path]\n           [-p | --paginate | -P | --no-pager] [--no-replace-objects] [--bare]\n           [--git-dir=<path>] [--work-tree=<path>] [--namespace=<name>]\n           [--config-env=<name>=<envvar>] <command> [<args>]\n\nThese are common Git commands used in various situations:\n\nstart a working area (see also: git help tutorial)\n   clone     Clone a repository into a new directory\n   init      Create an empty Git repository or reinitialize an existing one\n\nwork on the current change (see also: git help everyday)\n   add       Add file contents to the index\n   mv        Move or rename a file, a directory, or a symlink\n   restore   Restore working tree files\n   rm        Remove files from the working tree and from the index\n\nexamine the history and state (see also: git help revisions)\n   bisect    Use binary search to find the commit that introduced a bug\n   diff      Show changes between commits, commit and working tree, etc\n   grep      Print lines matching a pattern\n   log       Show commit logs\n   show      Show various types of objects\n   status    Show the working tree status\n\ngrow, mark and tweak your common history\n   branch    List, create, or delete branches\n   commit    Record changes to the repository\n   merge     Join two or more development histories together\n   rebase    Reapply commits on top of another base tip\n   reset     Reset current HEAD to the specified state\n   switch    Switch branches\n   tag       Create, list, delete or verify a tag object signed with GPG\n\ncollaborate (see also: git help workflows)\n   fetch     Download objects and refs from another repository\n   pull      Fetch from and integrate with another repository or a local branch\n   push      Update remote refs along with associated objects\n\n'git help -a' and 'git help -g' list available subcommands and some\nconcept guides. See 'git help <command>' or 'git help <concept>'\nto read about a specific subcommand or concept.\nSee 'git help git' for an overview of the system.\n""
[0m23:08:42.468269 [debug] [MainThread]: STDERR: "b''"
[0m23:08:42.470018 [info ] [MainThread]:  - git [[32mOK found[0m]

[0m23:08:42.471106 [info ] [MainThread]: Connection:
[0m23:08:42.472179 [info ] [MainThread]:   host: localhost
[0m23:08:42.472733 [info ] [MainThread]:   port: 5432
[0m23:08:42.473741 [info ] [MainThread]:   user: app
[0m23:08:42.475740 [info ] [MainThread]:   database: analytics
[0m23:08:42.476749 [info ] [MainThread]:   schema: dbt_dev
[0m23:08:42.477745 [info ] [MainThread]:   connect_timeout: 10
[0m23:08:42.478747 [info ] [MainThread]:   role: None
[0m23:08:42.480804 [info ] [MainThread]:   search_path: None
[0m23:08:42.482311 [info ] [MainThread]:   keepalives_idle: 0
[0m23:08:42.483326 [info ] [MainThread]:   sslmode: None
[0m23:08:42.484327 [info ] [MainThread]:   sslcert: None
[0m23:08:42.485965 [info ] [MainThread]:   sslkey: None
[0m23:08:42.486965 [info ] [MainThread]:   sslrootcert: None
[0m23:08:42.487963 [info ] [MainThread]:   application_name: dbt
[0m23:08:42.488982 [info ] [MainThread]:   retries: 1
[0m23:08:42.491180 [info ] [MainThread]: Registered adapter: postgres=1.9.0
[0m23:08:43.479728 [debug] [MainThread]: Acquiring new postgres connection 'debug'
[0m23:08:43.741017 [debug] [MainThread]: Using postgres connection "debug"
[0m23:08:43.742018 [debug] [MainThread]: On debug: select 1 as id
[0m23:08:43.743021 [debug] [MainThread]: Opening a new connection, currently in state init
[0m23:08:43.786898 [debug] [MainThread]: SQL status: SELECT 1 in 0.044 seconds
[0m23:08:43.788896 [debug] [MainThread]: On debug: Close
[0m23:08:43.791314 [info ] [MainThread]:   Connection test: [[32mOK connection ok[0m]

[0m23:08:43.794217 [info ] [MainThread]: [31m1 check failed:[0m
[0m23:08:43.796216 [info ] [MainThread]: Project loading failed for the following reason:
 project path <C:\Users\nicol\OneDrive\Documentos\Cursos\realtime-ecom-rt-platform\dbt\dbt_project.yml> not found

[0m23:08:43.798732 [debug] [MainThread]: Command `dbt debug` failed at 23:08:43.798732 after 1.85 seconds
[0m23:08:43.800753 [debug] [MainThread]: Connection 'debug' was properly closed.
[0m23:08:43.801893 [debug] [MainThread]: Sending event: {'category': 'dbt', 'action': 'invocation', 'label': 'end', 'context': [<snowplow_tracker.self_describing_json.SelfDescribingJson object at 0x0000026797270610>, <snowplow_tracker.self_describing_json.SelfDescribingJson object at 0x000002679726FDD0>, <snowplow_tracker.self_describing_json.SelfDescribingJson object at 0x0000026797191750>]}
[0m23:08:43.802884 [debug] [MainThread]: Flushing usage events
[0m23:08:44.216305 [debug] [MainThread]: An error was encountered while trying to flush usage events
